
Root grid = 2 x 1 x 1 MeshBlocks
Total number of MeshBlocks = 2
Number of logical  levels of refinement = 1 (2 levels total)
Number of physical levels of refinement = 0 (1 levels total)
Number of parallel ranks = 1

Setup complete, executing task list(s)...

elapsed=1.918222e-01 cycle=1485 time=5.006747e+00 dt=3.373353e-03
elapsed=5.813371e-01 cycle=1490 time=5.023613e+00 dt=3.373280e-03
elapsed=9.510338e-01 cycle=1495 time=5.040478e+00 dt=3.373493e-03
elapsed=1.322313e+00 cycle=1500 time=5.057345e+00 dt=3.373915e-03
elapsed=1.704421e+00 cycle=1505 time=5.074220e+00 dt=3.377038e-03
elapsed=2.086529e+00 cycle=1510 time=5.091114e+00 dt=3.380048e-03
elapsed=2.457519e+00 cycle=1515 time=5.108014e+00 dt=3.379960e-03
elapsed=2.833795e+00 cycle=1520 time=5.124912e+00 dt=3.378180e-03
elapsed=3.204068e+00 cycle=1525 time=5.141798e+00 dt=3.376458e-03
elapsed=3.584734e+00 cycle=1530 time=5.158677e+00 dt=3.375042e-03
elapsed=3.965854e+00 cycle=1535 time=5.175527e+00 dt=3.365673e-03
elapsed=4.339560e+00 cycle=1540 time=5.192347e+00 dt=3.359266e-03
elapsed=4.708680e+00 cycle=1545 time=5.209115e+00 dt=3.348071e-03
elapsed=5.076824e+00 cycle=1550 time=5.225855e+00 dt=3.345920e-03
elapsed=5.443133e+00 cycle=1555 time=5.242544e+00 dt=3.323008e-03
elapsed=5.827120e+00 cycle=1560 time=5.259127e+00 dt=3.313653e-03
elapsed=6.197901e+00 cycle=1565 time=5.275709e+00 dt=3.321149e-03
elapsed=6.578934e+00 cycle=1570 time=5.292331e+00 dt=3.325473e-03
elapsed=6.945665e+00 cycle=1575 time=5.308945e+00 dt=3.321238e-03
elapsed=7.314670e+00 cycle=1580 time=5.325568e+00 dt=3.332916e-03
elapsed=7.697637e+00 cycle=1585 time=5.342274e+00 dt=3.353813e-03
elapsed=8.072458e+00 cycle=1590 time=5.359076e+00 dt=3.362882e-03
elapsed=8.440488e+00 cycle=1595 time=5.375885e+00 dt=3.361490e-03
elapsed=8.814355e+00 cycle=1600 time=5.392702e+00 dt=3.369402e-03
elapsed=9.179881e+00 cycle=1605 time=5.409568e+00 dt=3.374811e-03
elapsed=9.545211e+00 cycle=1610 time=5.426444e+00 dt=3.375757e-03
elapsed=9.938432e+00 cycle=1615 time=5.443323e+00 dt=3.374596e-03
elapsed=1.030625e+01 cycle=1620 time=5.460178e+00 dt=3.366669e-03
elapsed=1.067861e+01 cycle=1625 time=5.477009e+00 dt=3.367270e-03
elapsed=1.105079e+01 cycle=1630 time=5.493851e+00 dt=3.368780e-03
elapsed=1.142064e+01 cycle=1635 time=5.510687e+00 dt=3.364231e-03
elapsed=1.180558e+01 cycle=1640 time=5.527491e+00 dt=3.356187e-03
elapsed=1.218071e+01 cycle=1645 time=5.544259e+00 dt=3.349879e-03
elapsed=1.254640e+01 cycle=1650 time=5.560998e+00 dt=3.345598e-03
elapsed=1.293222e+01 cycle=1655 time=5.577736e+00 dt=3.349038e-03
elapsed=1.330249e+01 cycle=1660 time=5.594469e+00 dt=3.337607e-03
elapsed=1.369089e+01 cycle=1665 time=5.611113e+00 dt=3.318465e-03
elapsed=1.406065e+01 cycle=1670 time=5.627707e+00 dt=3.324364e-03
elapsed=1.442691e+01 cycle=1675 time=5.644355e+00 dt=3.335395e-03
elapsed=1.480904e+01 cycle=1680 time=5.661045e+00 dt=3.342104e-03
elapsed=1.518192e+01 cycle=1685 time=5.677770e+00 dt=3.348957e-03
elapsed=1.554911e+01 cycle=1690 time=5.694525e+00 dt=3.353822e-03
elapsed=1.593138e+01 cycle=1695 time=5.711304e+00 dt=3.358479e-03
elapsed=1.629626e+01 cycle=1700 time=5.728099e+00 dt=3.359798e-03
elapsed=1.666954e+01 cycle=1705 time=5.744906e+00 dt=3.364095e-03
elapsed=1.703711e+01 cycle=1710 time=5.761734e+00 dt=3.366435e-03
elapsed=1.740357e+01 cycle=1715 time=5.778558e+00 dt=3.363959e-03
elapsed=1.779197e+01 cycle=1720 time=5.795382e+00 dt=3.366891e-03
elapsed=1.816014e+01 cycle=1725 time=5.812226e+00 dt=3.371624e-03
elapsed=1.852557e+01 cycle=1730 time=5.829089e+00 dt=3.373912e-03
elapsed=1.890803e+01 cycle=1735 time=5.845962e+00 dt=3.374879e-03
elapsed=1.928069e+01 cycle=1740 time=5.862837e+00 dt=3.374855e-03
elapsed=1.964668e+01 cycle=1745 time=5.879710e+00 dt=3.374707e-03
elapsed=2.003716e+01 cycle=1750 time=5.896586e+00 dt=3.375744e-03
elapsed=2.040448e+01 cycle=1755 time=5.913464e+00 dt=3.374641e-03
elapsed=2.077384e+01 cycle=1760 time=5.930335e+00 dt=3.372758e-03
elapsed=2.113889e+01 cycle=1765 time=5.947195e+00 dt=3.370191e-03
elapsed=2.150791e+01 cycle=1770 time=5.964038e+00 dt=3.365891e-03
elapsed=2.188470e+01 cycle=1775 time=5.980859e+00 dt=3.361938e-03
elapsed=2.224597e+01 cycle=1780 time=5.997661e+00 dt=3.357403e-03
elapsed=2.261503e+01 cycle=1785 time=6.014448e+00 dt=3.358821e-03
elapsed=2.298006e+01 cycle=1790 time=6.031215e+00 dt=3.343662e-03
elapsed=2.334165e+01 cycle=1795 time=6.047919e+00 dt=3.337830e-03
elapsed=2.370555e+01 cycle=1800 time=6.064613e+00 dt=3.342351e-03
elapsed=2.407518e+01 cycle=1805 time=6.081330e+00 dt=3.343629e-03
elapsed=2.443723e+01 cycle=1810 time=6.098052e+00 dt=3.339252e-03
elapsed=2.480284e+01 cycle=1815 time=6.114704e+00 dt=3.319764e-03
elapsed=2.516761e+01 cycle=1820 time=6.131298e+00 dt=3.322131e-03
elapsed=2.554081e+01 cycle=1825 time=6.147932e+00 dt=3.333609e-03
elapsed=2.591148e+01 cycle=1830 time=6.164622e+00 dt=3.342694e-03
elapsed=2.627905e+01 cycle=1835 time=6.181350e+00 dt=3.350086e-03
elapsed=2.664918e+01 cycle=1840 time=6.198119e+00 dt=3.358946e-03
elapsed=2.704359e+01 cycle=1845 time=6.214923e+00 dt=3.361279e-03
elapsed=2.740890e+01 cycle=1850 time=6.231726e+00 dt=3.360447e-03
elapsed=2.777137e+01 cycle=1855 time=6.248532e+00 dt=3.362475e-03
elapsed=2.814160e+01 cycle=1860 time=6.265352e+00 dt=3.367791e-03
elapsed=2.850509e+01 cycle=1865 time=6.282214e+00 dt=3.376182e-03
elapsed=2.887258e+01 cycle=1870 time=6.299096e+00 dt=3.376603e-03
elapsed=2.923839e+01 cycle=1875 time=6.315979e+00 dt=3.375971e-03
elapsed=2.960136e+01 cycle=1880 time=6.332858e+00 dt=3.376370e-03
elapsed=2.996846e+01 cycle=1885 time=6.349736e+00 dt=3.375178e-03
elapsed=3.033105e+01 cycle=1890 time=6.366612e+00 dt=3.375136e-03
elapsed=3.069707e+01 cycle=1895 time=6.383485e+00 dt=3.369634e-03
elapsed=3.106780e+01 cycle=1900 time=6.400315e+00 dt=3.364459e-03
elapsed=3.143009e+01 cycle=1905 time=6.417150e+00 dt=3.374801e-03
elapsed=3.179975e+01 cycle=1910 time=6.434026e+00 dt=3.374898e-03
elapsed=3.217174e+01 cycle=1915 time=6.450896e+00 dt=3.371184e-03
elapsed=3.253506e+01 cycle=1920 time=6.467746e+00 dt=3.374162e-03
elapsed=3.290541e+01 cycle=1925 time=6.484627e+00 dt=3.376385e-03
elapsed=3.326639e+01 cycle=1930 time=6.501506e+00 dt=3.375229e-03
elapsed=3.362776e+01 cycle=1935 time=6.518335e+00 dt=3.360410e-03
elapsed=3.399039e+01 cycle=1940 time=6.535156e+00 dt=3.366927e-03
elapsed=3.435465e+01 cycle=1945 time=6.551994e+00 dt=3.368885e-03
elapsed=3.471541e+01 cycle=1950 time=6.568819e+00 dt=3.357368e-03
elapsed=3.507924e+01 cycle=1955 time=6.585577e+00 dt=3.344127e-03
elapsed=3.543890e+01 cycle=1960 time=6.602262e+00 dt=3.328705e-03
elapsed=3.580274e+01 cycle=1965 time=6.618914e+00 dt=3.338320e-03
elapsed=3.617839e+01 cycle=1970 time=6.635649e+00 dt=3.349897e-03
elapsed=3.654470e+01 cycle=1975 time=6.652386e+00 dt=3.348871e-03
elapsed=3.691067e+01 cycle=1980 time=6.669081e+00 dt=3.321514e-03
elapsed=3.728085e+01 cycle=1985 time=6.685728e+00 dt=3.345053e-03
elapsed=3.764618e+01 cycle=1990 time=6.702483e+00 dt=3.356094e-03
elapsed=3.801471e+01 cycle=1995 time=6.719273e+00 dt=3.360989e-03
elapsed=3.838326e+01 cycle=2000 time=6.736080e+00 dt=3.363029e-03
elapsed=3.874822e+01 cycle=2005 time=6.752910e+00 dt=3.371046e-03
elapsed=3.911909e+01 cycle=2010 time=6.769776e+00 dt=3.375179e-03
elapsed=3.948173e+01 cycle=2015 time=6.786657e+00 dt=3.377033e-03
elapsed=3.985289e+01 cycle=2020 time=6.803542e+00 dt=3.375450e-03
elapsed=4.022048e+01 cycle=2025 time=6.820413e+00 dt=3.374148e-03
elapsed=4.059548e+01 cycle=2030 time=6.837291e+00 dt=3.377649e-03
elapsed=4.096125e+01 cycle=2035 time=6.854177e+00 dt=3.376541e-03
elapsed=4.133076e+01 cycle=2040 time=6.871060e+00 dt=3.376718e-03
elapsed=4.169934e+01 cycle=2045 time=6.887943e+00 dt=3.376095e-03
elapsed=4.206902e+01 cycle=2050 time=6.904821e+00 dt=3.375048e-03
elapsed=4.243394e+01 cycle=2055 time=6.921695e+00 dt=3.374174e-03
elapsed=4.280351e+01 cycle=2060 time=6.938565e+00 dt=3.373838e-03
elapsed=4.317579e+01 cycle=2065 time=6.955434e+00 dt=3.373683e-03
elapsed=4.354324e+01 cycle=2070 time=6.972301e+00 dt=3.373166e-03
elapsed=4.390839e+01 cycle=2075 time=6.989165e+00 dt=3.372188e-03
elapsed=4.428485e+01 cycle=2080 time=7.006025e+00 dt=3.371811e-03
elapsed=4.464945e+01 cycle=2085 time=7.022884e+00 dt=3.372013e-03
elapsed=4.501246e+01 cycle=2090 time=7.039746e+00 dt=3.372273e-03
elapsed=4.537819e+01 cycle=2095 time=7.056610e+00 dt=3.373406e-03
elapsed=4.574016e+01 cycle=2100 time=7.073476e+00 dt=3.372987e-03
elapsed=4.611389e+01 cycle=2105 time=7.090340e+00 dt=3.372304e-03
elapsed=4.648084e+01 cycle=2110 time=7.107200e+00 dt=3.372149e-03
elapsed=4.684714e+01 cycle=2115 time=7.124060e+00 dt=3.371189e-03
elapsed=4.722300e+01 cycle=2120 time=7.140912e+00 dt=3.369653e-03
elapsed=4.759399e+01 cycle=2125 time=7.157761e+00 dt=3.370219e-03
elapsed=4.796080e+01 cycle=2130 time=7.174614e+00 dt=3.371104e-03
elapsed=4.833600e+01 cycle=2135 time=7.191470e+00 dt=3.371066e-03
elapsed=4.869620e+01 cycle=2140 time=7.208326e+00 dt=3.371525e-03
elapsed=4.905776e+01 cycle=2145 time=7.225185e+00 dt=3.372404e-03
elapsed=4.942852e+01 cycle=2150 time=7.242048e+00 dt=3.372911e-03
elapsed=4.978952e+01 cycle=2155 time=7.258914e+00 dt=3.373222e-03
elapsed=5.015528e+01 cycle=2160 time=7.275780e+00 dt=3.373589e-03
elapsed=5.052285e+01 cycle=2165 time=7.292649e+00 dt=3.374040e-03
elapsed=5.088418e+01 cycle=2170 time=7.309520e+00 dt=3.374235e-03
elapsed=5.125148e+01 cycle=2175 time=7.326391e+00 dt=3.374245e-03
elapsed=5.161669e+01 cycle=2180 time=7.343262e+00 dt=3.374137e-03
elapsed=5.198266e+01 cycle=2185 time=7.360132e+00 dt=3.373894e-03
elapsed=5.235402e+01 cycle=2190 time=7.377001e+00 dt=3.373675e-03
elapsed=5.271902e+01 cycle=2195 time=7.393870e+00 dt=3.373593e-03
elapsed=5.310688e+01 cycle=2200 time=7.410737e+00 dt=3.373534e-03
elapsed=5.347513e+01 cycle=2205 time=7.427604e+00 dt=3.372582e-03
elapsed=5.384203e+01 cycle=2210 time=7.444465e+00 dt=3.372008e-03
elapsed=5.421547e+01 cycle=2215 time=7.461326e+00 dt=3.372097e-03
elapsed=5.457647e+01 cycle=2220 time=7.478187e+00 dt=3.372615e-03
elapsed=5.493996e+01 cycle=2225 time=7.495053e+00 dt=3.373766e-03
elapsed=5.530933e+01 cycle=2230 time=7.511923e+00 dt=3.374029e-03
elapsed=5.567073e+01 cycle=2235 time=7.528793e+00 dt=3.373925e-03
elapsed=5.603679e+01 cycle=2240 time=7.545662e+00 dt=3.373751e-03
elapsed=5.640264e+01 cycle=2245 time=7.562530e+00 dt=3.373490e-03
elapsed=5.676631e+01 cycle=2250 time=7.579397e+00 dt=3.373248e-03
elapsed=5.713730e+01 cycle=2255 time=7.596263e+00 dt=3.373248e-03
elapsed=5.750563e+01 cycle=2260 time=7.613130e+00 dt=3.373302e-03
elapsed=5.787027e+01 cycle=2265 time=7.629996e+00 dt=3.373293e-03
elapsed=5.824356e+01 cycle=2270 time=7.646863e+00 dt=3.373336e-03
elapsed=5.861056e+01 cycle=2275 time=7.663729e+00 dt=3.373372e-03
elapsed=5.897724e+01 cycle=2280 time=7.680596e+00 dt=3.373284e-03
elapsed=5.934882e+01 cycle=2285 time=7.697462e+00 dt=3.373156e-03
elapsed=5.971121e+01 cycle=2290 time=7.714327e+00 dt=3.372576e-03
elapsed=6.007458e+01 cycle=2295 time=7.731189e+00 dt=3.371862e-03
elapsed=6.044277e+01 cycle=2300 time=7.748047e+00 dt=3.371536e-03
elapsed=6.081699e+01 cycle=2305 time=7.764905e+00 dt=3.371513e-03
elapsed=6.117987e+01 cycle=2310 time=7.781762e+00 dt=3.371602e-03
elapsed=6.154343e+01 cycle=2315 time=7.798621e+00 dt=3.371718e-03
elapsed=6.191636e+01 cycle=2320 time=7.815480e+00 dt=3.371996e-03
elapsed=6.228632e+01 cycle=2325 time=7.832341e+00 dt=3.372427e-03
elapsed=6.264935e+01 cycle=2330 time=7.849204e+00 dt=3.372781e-03
elapsed=6.301615e+01 cycle=2335 time=7.866068e+00 dt=3.372916e-03
elapsed=6.338753e+01 cycle=2340 time=7.882933e+00 dt=3.373015e-03
elapsed=6.374824e+01 cycle=2345 time=7.899798e+00 dt=3.373078e-03
elapsed=6.411178e+01 cycle=2350 time=7.916663e+00 dt=3.373121e-03
elapsed=6.448296e+01 cycle=2355 time=7.933529e+00 dt=3.373197e-03
elapsed=6.484534e+01 cycle=2360 time=7.950395e+00 dt=3.373307e-03
elapsed=6.520879e+01 cycle=2365 time=7.967262e+00 dt=3.373371e-03
elapsed=6.557364e+01 cycle=2370 time=7.984129e+00 dt=3.373409e-03
elapsed=6.593788e+01 cycle=2375 time=8.000996e+00 dt=3.373435e-03
elapsed=6.631040e+01 cycle=2380 time=8.017863e+00 dt=3.373451e-03
elapsed=6.667466e+01 cycle=2385 time=8.034730e+00 dt=3.373456e-03
elapsed=6.703725e+01 cycle=2390 time=8.051598e+00 dt=3.373451e-03
elapsed=6.740162e+01 cycle=2395 time=8.068465e+00 dt=3.373430e-03
elapsed=6.778027e+01 cycle=2400 time=8.085332e+00 dt=3.373407e-03
elapsed=6.814740e+01 cycle=2405 time=8.102199e+00 dt=3.373396e-03
elapsed=6.851498e+01 cycle=2410 time=8.119066e+00 dt=3.373374e-03
elapsed=6.888018e+01 cycle=2415 time=8.135933e+00 dt=3.373352e-03
elapsed=6.924704e+01 cycle=2420 time=8.152799e+00 dt=3.373356e-03
elapsed=6.961137e+01 cycle=2425 time=8.169666e+00 dt=3.373375e-03
elapsed=6.997371e+01 cycle=2430 time=8.186533e+00 dt=3.373380e-03
elapsed=7.034655e+01 cycle=2435 time=8.203400e+00 dt=3.373392e-03
elapsed=7.071476e+01 cycle=2440 time=8.220267e+00 dt=3.373403e-03
elapsed=7.107738e+01 cycle=2445 time=8.237134e+00 dt=3.373396e-03
elapsed=7.144367e+01 cycle=2450 time=8.254001e+00 dt=3.373434e-03
elapsed=7.180623e+01 cycle=2455 time=8.270868e+00 dt=3.373491e-03
elapsed=7.217335e+01 cycle=2460 time=8.287736e+00 dt=3.373479e-03
elapsed=7.254231e+01 cycle=2465 time=8.304603e+00 dt=3.373457e-03
elapsed=7.290746e+01 cycle=2470 time=8.321471e+00 dt=3.373491e-03
elapsed=7.327658e+01 cycle=2475 time=8.338338e+00 dt=3.373535e-03
elapsed=7.364745e+01 cycle=2480 time=8.355206e+00 dt=3.373591e-03
elapsed=7.401274e+01 cycle=2485 time=8.372074e+00 dt=3.373695e-03
elapsed=7.438291e+01 cycle=2490 time=8.388943e+00 dt=3.373781e-03
elapsed=7.474754e+01 cycle=2495 time=8.405812e+00 dt=3.373816e-03
elapsed=7.512035e+01 cycle=2500 time=8.422681e+00 dt=3.373843e-03
elapsed=7.549003e+01 cycle=2505 time=8.439550e+00 dt=3.373947e-03
elapsed=7.585475e+01 cycle=2510 time=8.456421e+00 dt=3.374501e-03
elapsed=7.622543e+01 cycle=2515 time=8.473294e+00 dt=3.374854e-03
elapsed=7.659414e+01 cycle=2520 time=8.490168e+00 dt=3.374714e-03
elapsed=7.695674e+01 cycle=2525 time=8.507041e+00 dt=3.374488e-03
elapsed=7.731790e+01 cycle=2530 time=8.523913e+00 dt=3.374227e-03
elapsed=7.768445e+01 cycle=2535 time=8.540784e+00 dt=3.373827e-03
elapsed=7.805044e+01 cycle=2540 time=8.557653e+00 dt=3.374296e-03
elapsed=7.842046e+01 cycle=2545 time=8.574528e+00 dt=3.375854e-03
elapsed=7.878933e+01 cycle=2550 time=8.591409e+00 dt=3.376385e-03
elapsed=7.915950e+01 cycle=2555 time=8.608288e+00 dt=3.374692e-03
elapsed=7.952791e+01 cycle=2560 time=8.625159e+00 dt=3.373589e-03
elapsed=7.989287e+01 cycle=2565 time=8.642026e+00 dt=3.373453e-03
elapsed=8.025844e+01 cycle=2570 time=8.658893e+00 dt=3.373380e-03
elapsed=8.062530e+01 cycle=2575 time=8.675760e+00 dt=3.373396e-03
elapsed=8.099008e+01 cycle=2580 time=8.692627e+00 dt=3.373547e-03
elapsed=8.135402e+01 cycle=2585 time=8.709495e+00 dt=3.373407e-03
elapsed=8.172461e+01 cycle=2590 time=8.726362e+00 dt=3.373143e-03
elapsed=8.208853e+01 cycle=2595 time=8.743227e+00 dt=3.373013e-03
elapsed=8.245436e+01 cycle=2600 time=8.760087e+00 dt=3.369637e-03
elapsed=8.282450e+01 cycle=2605 time=8.776930e+00 dt=3.368515e-03
elapsed=8.319179e+01 cycle=2610 time=8.793778e+00 dt=3.370731e-03
elapsed=8.356055e+01 cycle=2615 time=8.810633e+00 dt=3.371232e-03
elapsed=8.392236e+01 cycle=2620 time=8.827487e+00 dt=3.370699e-03
elapsed=8.429196e+01 cycle=2625 time=8.844345e+00 dt=3.373063e-03
elapsed=8.465976e+01 cycle=2630 time=8.861211e+00 dt=3.373112e-03
elapsed=8.501888e+01 cycle=2635 time=8.878077e+00 dt=3.373366e-03
elapsed=8.539368e+01 cycle=2640 time=8.894944e+00 dt=3.373630e-03
elapsed=8.576529e+01 cycle=2645 time=8.911813e+00 dt=3.373660e-03
elapsed=8.612794e+01 cycle=2650 time=8.928681e+00 dt=3.373748e-03
elapsed=8.649056e+01 cycle=2655 time=8.945550e+00 dt=3.373950e-03
elapsed=8.686168e+01 cycle=2660 time=8.962420e+00 dt=3.374026e-03
elapsed=8.722388e+01 cycle=2665 time=8.979290e+00 dt=3.373956e-03
elapsed=8.758909e+01 cycle=2670 time=8.996160e+00 dt=3.373827e-03
elapsed=8.795233e+01 cycle=2675 time=9.012979e+00 dt=3.353654e-03
elapsed=8.832034e+01 cycle=2680 time=9.029743e+00 dt=3.355056e-03
elapsed=8.869280e+01 cycle=2685 time=9.046532e+00 dt=3.360431e-03
elapsed=8.905647e+01 cycle=2690 time=9.063330e+00 dt=3.356373e-03
elapsed=8.948087e+01 cycle=2695 time=9.080095e+00 dt=3.348305e-03
elapsed=8.985184e+01 cycle=2700 time=9.096826e+00 dt=3.342754e-03
elapsed=9.021935e+01 cycle=2705 time=9.113506e+00 dt=3.327134e-03
elapsed=9.058947e+01 cycle=2710 time=9.130142e+00 dt=3.330450e-03
elapsed=9.095889e+01 cycle=2715 time=9.146804e+00 dt=3.333066e-03
elapsed=9.132425e+01 cycle=2720 time=9.163466e+00 dt=3.332203e-03
elapsed=9.168977e+01 cycle=2725 time=9.180128e+00 dt=3.331771e-03
elapsed=9.204954e+01 cycle=2730 time=9.196780e+00 dt=3.327794e-03
elapsed=9.241601e+01 cycle=2735 time=9.213404e+00 dt=3.320100e-03
elapsed=9.278432e+01 cycle=2740 time=9.229994e+00 dt=3.341784e-03
elapsed=9.314735e+01 cycle=2745 time=9.246640e+00 dt=3.311183e-03
elapsed=9.351184e+01 cycle=2750 time=9.263179e+00 dt=3.308921e-03
elapsed=9.387842e+01 cycle=2755 time=9.279747e+00 dt=3.321452e-03
elapsed=9.424765e+01 cycle=2760 time=9.296381e+00 dt=3.334133e-03
elapsed=9.462001e+01 cycle=2765 time=9.313058e+00 dt=3.334826e-03
elapsed=9.498135e+01 cycle=2770 time=9.329727e+00 dt=3.333419e-03
elapsed=9.534497e+01 cycle=2775 time=9.346405e+00 dt=3.340015e-03
elapsed=9.571764e+01 cycle=2780 time=9.363120e+00 dt=3.345841e-03
elapsed=9.608234e+01 cycle=2785 time=9.379855e+00 dt=3.357195e-03
elapsed=9.645677e+01 cycle=2790 time=9.396683e+00 dt=3.363923e-03
elapsed=9.682188e+01 cycle=2795 time=9.413465e+00 dt=3.352825e-03
elapsed=9.718299e+01 cycle=2800 time=9.430257e+00 dt=3.366993e-03
elapsed=9.754787e+01 cycle=2805 time=9.447084e+00 dt=3.365137e-03
elapsed=9.792245e+01 cycle=2810 time=9.463902e+00 dt=3.356070e-03
elapsed=9.828814e+01 cycle=2815 time=9.480679e+00 dt=3.358766e-03
elapsed=9.865170e+01 cycle=2820 time=9.497496e+00 dt=3.369459e-03
elapsed=9.901751e+01 cycle=2825 time=9.514351e+00 dt=3.372163e-03
elapsed=9.938947e+01 cycle=2830 time=9.531217e+00 dt=3.374935e-03
elapsed=9.975928e+01 cycle=2835 time=9.548094e+00 dt=3.375642e-03
elapsed=1.001246e+02 cycle=2840 time=9.564972e+00 dt=3.374871e-03
elapsed=1.004899e+02 cycle=2845 time=9.581843e+00 dt=3.372804e-03
elapsed=1.008579e+02 cycle=2850 time=9.598694e+00 dt=3.366422e-03
elapsed=1.012228e+02 cycle=2855 time=9.615527e+00 dt=3.369175e-03
elapsed=1.015888e+02 cycle=2860 time=9.632381e+00 dt=3.371405e-03
elapsed=1.019623e+02 cycle=2865 time=9.649240e+00 dt=3.372867e-03
elapsed=1.023282e+02 cycle=2870 time=9.666110e+00 dt=3.375018e-03
elapsed=1.026977e+02 cycle=2875 time=9.682984e+00 dt=3.375001e-03
elapsed=1.030652e+02 cycle=2880 time=9.699861e+00 dt=3.375342e-03
elapsed=1.034318e+02 cycle=2885 time=9.716734e+00 dt=3.373757e-03
elapsed=1.038012e+02 cycle=2890 time=9.733601e+00 dt=3.373190e-03
elapsed=1.041680e+02 cycle=2895 time=9.750465e+00 dt=3.372630e-03
elapsed=1.045402e+02 cycle=2900 time=9.767329e+00 dt=3.373314e-03
elapsed=1.049079e+02 cycle=2905 time=9.784196e+00 dt=3.373555e-03
elapsed=1.052829e+02 cycle=2910 time=9.801063e+00 dt=3.372556e-03
elapsed=1.056532e+02 cycle=2915 time=9.817922e+00 dt=3.371703e-03
elapsed=1.060234e+02 cycle=2920 time=9.834784e+00 dt=3.372719e-03
elapsed=1.063859e+02 cycle=2925 time=9.851648e+00 dt=3.373150e-03
elapsed=1.067491e+02 cycle=2930 time=9.868518e+00 dt=3.375650e-03
elapsed=1.071137e+02 cycle=2935 time=9.885396e+00 dt=3.375899e-03
elapsed=1.074759e+02 cycle=2940 time=9.902276e+00 dt=3.376257e-03
elapsed=1.078398e+02 cycle=2945 time=9.919156e+00 dt=3.374777e-03
elapsed=1.082003e+02 cycle=2950 time=9.936027e+00 dt=3.373539e-03
elapsed=1.085633e+02 cycle=2955 time=9.952892e+00 dt=3.372282e-03
elapsed=1.089315e+02 cycle=2960 time=9.969755e+00 dt=3.373126e-03
elapsed=1.092989e+02 cycle=2965 time=9.986618e+00 dt=3.371911e-03

Terminating on time limit
time=1.000000e+01 cycle=2969
tlim=1.000000e+01 nlim=-1

MeshBlock-cycles = 2972
cpu time used  = 1.095790e+02
zone-cycles/cpu_second = 1.735807e+03
particle-updates/cpu_second = 0.000000e+00
Using device: cuda
Using device: cuda
