
Root grid = 2 x 1 x 1 MeshBlocks
Total number of MeshBlocks = 2
Number of logical  levels of refinement = 1 (2 levels total)
Number of physical levels of refinement = 0 (1 levels total)
Number of parallel ranks = 1

Setup complete, executing task list(s)...

elapsed=8.179721e-02 cycle=1600 time=5.170251e+00 dt=3.127739e-03
elapsed=1.878411e-01 cycle=1700 time=5.501676e+00 dt=3.388925e-03
elapsed=2.891786e-01 cycle=1800 time=5.826545e+00 dt=3.380019e-03
elapsed=3.954452e-01 cycle=1900 time=6.163003e+00 dt=3.277769e-03
elapsed=5.068059e-01 cycle=2000 time=6.499441e+00 dt=3.378283e-03
elapsed=6.162191e-01 cycle=2100 time=6.836704e+00 dt=3.381109e-03
elapsed=7.181173e-01 cycle=2200 time=7.149585e+00 dt=3.137914e-03
elapsed=8.343297e-01 cycle=2300 time=7.479567e+00 dt=3.384844e-03
elapsed=9.508060e-01 cycle=2400 time=7.804904e+00 dt=3.377070e-03
elapsed=1.058635e+00 cycle=2500 time=8.140055e+00 dt=3.322846e-03
elapsed=1.168326e+00 cycle=2600 time=8.477458e+00 dt=3.381038e-03
elapsed=1.276113e+00 cycle=2700 time=8.815329e+00 dt=3.387686e-03
elapsed=1.389103e+00 cycle=2800 time=9.153384e+00 dt=3.376077e-03
elapsed=1.495145e+00 cycle=2900 time=9.491120e+00 dt=3.375294e-03
elapsed=1.665839e+00 cycle=3000 time=9.828651e+00 dt=3.376129e-03

Terminating on time limit
time=1.000000e+01 cycle=3051
tlim=1.000000e+01 nlim=-1

MeshBlock-cycles = 3012
cpu time used  = 1.762811e+00
zone-cycles/cpu_second = 1.093526e+05
particle-updates/cpu_second = 0.000000e+00
