Starting SG Anim...
Using device: cuda
Using device: cuda

======================================================================
Loading CNN
======================================================================
Loaded model:
/ptmp/mpa/dipda/subgrid/SubgridCGMModel/conv_nn/pdf_model_saves/cnn_(512, 256)_32.pth

======================================================================
SG CNN prediction
======================================================================
SG snapshots : 500
SG grid      : 16 x 8
CNN channels : 40

======================================================================
CNN-predicted SG fmcl
======================================================================
fmcl min  : 0.000000e+00
fmcl max  : 1.000000e+00
fmcl mean : 5.350109e-01
fmcl shape: (500, 16, 8)
profiles_mean_with_std_all.png saved
conserved_quantities_mean_with_std.png saved
derived_quantities_mean_with_std.png saved
fluxes_mean_std.png saved
divergence_fluxes_mean_std.png saved
Cold mass evolution plot saved (with fit slopes)
Saved snapshot of all fields
Saved updated animation with correct dynamic colorbars
Saved conserved-field animation with dynamic colorbars
temperature_pdfs_all_weightings.png saved
emissivity_profile_vs_y.png saved
mass_flux_profile_vs_y.png saved
Gas mass evolution plot saved
Hot velocity for HR: 26.550 pc/Myr
Hot velocity for SG: 44.802 pc/Myr
Hot velocity for LR: 25.986 pc/Myr
flux_profiles_hr_sg_lr.png saved
HR: fitted z0 = 2.6402
SG: fitted z0 = 2.3165
LR: fitted z0 = 1.0878
mean_profiles_hr_sg_lr.png saved
Conversion done.
