
Root grid = 8 x 1 x 1 MeshBlocks
Total number of MeshBlocks = 8
Number of logical  levels of refinement = 3 (4 levels total)
Number of physical levels of refinement = 0 (1 levels total)
Number of parallel ranks = 1

Setup complete, executing task list(s)...

elapsed=2.617481e+00 cycle=59000 time=5.002079e+00 dt=8.677006e-05
elapsed=1.316658e+01 cycle=59100 time=5.010740e+00 dt=8.595109e-05
elapsed=2.367409e+01 cycle=59200 time=5.019256e+00 dt=8.411524e-05
elapsed=3.419676e+01 cycle=59300 time=5.027581e+00 dt=8.300744e-05
elapsed=4.471618e+01 cycle=59400 time=5.035825e+00 dt=8.220436e-05
elapsed=5.524515e+01 cycle=59500 time=5.044033e+00 dt=8.145452e-05
elapsed=6.576148e+01 cycle=59600 time=5.052022e+00 dt=7.833914e-05
elapsed=7.624794e+01 cycle=59700 time=5.059728e+00 dt=7.564576e-05
elapsed=8.677034e+01 cycle=59800 time=5.067183e+00 dt=7.348246e-05
elapsed=9.728153e+01 cycle=59900 time=5.074482e+00 dt=7.300193e-05
elapsed=1.078031e+02 cycle=60000 time=5.081935e+00 dt=7.629885e-05
elapsed=1.183041e+02 cycle=60100 time=5.089771e+00 dt=8.080459e-05
elapsed=1.288394e+02 cycle=60200 time=5.098153e+00 dt=8.553069e-05
elapsed=1.393815e+02 cycle=60300 time=5.106821e+00 dt=8.616436e-05
elapsed=1.499221e+02 cycle=60400 time=5.115342e+00 dt=8.765342e-05
elapsed=1.604630e+02 cycle=60500 time=5.123635e+00 dt=7.862471e-05
elapsed=1.710096e+02 cycle=60600 time=5.132308e+00 dt=9.166374e-05
elapsed=1.815554e+02 cycle=60700 time=5.141313e+00 dt=9.078075e-05
elapsed=1.921121e+02 cycle=60800 time=5.150386e+00 dt=9.063037e-05
elapsed=2.026420e+02 cycle=60900 time=5.159336e+00 dt=8.857474e-05
elapsed=2.132160e+02 cycle=61000 time=5.168096e+00 dt=8.623920e-05
elapsed=2.237721e+02 cycle=61100 time=5.176582e+00 dt=8.338469e-05
elapsed=2.343538e+02 cycle=61200 time=5.184694e+00 dt=7.890369e-05
elapsed=2.449180e+02 cycle=61300 time=5.192698e+00 dt=8.531116e-05
elapsed=2.554742e+02 cycle=61400 time=5.201127e+00 dt=8.244357e-05
elapsed=2.660042e+02 cycle=61500 time=5.209327e+00 dt=8.241326e-05
elapsed=2.765654e+02 cycle=61600 time=5.217640e+00 dt=8.255286e-05
elapsed=2.871296e+02 cycle=61700 time=5.225751e+00 dt=7.978415e-05
elapsed=2.976879e+02 cycle=61800 time=5.233643e+00 dt=8.066232e-05
elapsed=3.082450e+02 cycle=61900 time=5.242281e+00 dt=8.943142e-05
elapsed=3.188122e+02 cycle=62000 time=5.251196e+00 dt=8.812183e-05
elapsed=3.293586e+02 cycle=62100 time=5.259892e+00 dt=8.649132e-05
elapsed=3.399352e+02 cycle=62200 time=5.268427e+00 dt=8.517164e-05
elapsed=3.505186e+02 cycle=62300 time=5.276915e+00 dt=8.531073e-05
elapsed=3.611056e+02 cycle=62400 time=5.285457e+00 dt=8.525345e-05
elapsed=3.716972e+02 cycle=62500 time=5.293914e+00 dt=8.379482e-05
elapsed=3.822739e+02 cycle=62600 time=5.302338e+00 dt=8.444383e-05
elapsed=3.928445e+02 cycle=62700 time=5.310836e+00 dt=8.541610e-05
elapsed=4.033929e+02 cycle=62800 time=5.319394e+00 dt=8.584917e-05
elapsed=4.139900e+02 cycle=62900 time=5.328041e+00 dt=8.679007e-05
elapsed=4.245620e+02 cycle=63000 time=5.336871e+00 dt=9.002035e-05
elapsed=4.351473e+02 cycle=63100 time=5.345863e+00 dt=8.959629e-05
elapsed=4.457404e+02 cycle=63200 time=5.354793e+00 dt=8.821877e-05
elapsed=4.563300e+02 cycle=63300 time=5.363737e+00 dt=8.947858e-05
elapsed=4.669206e+02 cycle=63400 time=5.372595e+00 dt=8.617280e-05
elapsed=4.775118e+02 cycle=63500 time=5.381097e+00 dt=8.407181e-05
elapsed=4.880602e+02 cycle=63600 time=5.389595e+00 dt=8.732834e-05
elapsed=4.986310e+02 cycle=63700 time=5.398410e+00 dt=8.820765e-05
elapsed=5.092019e+02 cycle=63800 time=5.407258e+00 dt=8.878123e-05
elapsed=5.197772e+02 cycle=63900 time=5.416122e+00 dt=8.816533e-05
elapsed=5.303473e+02 cycle=64000 time=5.424938e+00 dt=8.821490e-05
elapsed=5.409256e+02 cycle=64100 time=5.433764e+00 dt=8.829764e-05
elapsed=5.515002e+02 cycle=64200 time=5.442610e+00 dt=8.830077e-05
elapsed=5.620633e+02 cycle=64300 time=5.451425e+00 dt=8.821511e-05
elapsed=5.726271e+02 cycle=64400 time=5.460179e+00 dt=8.680129e-05
elapsed=5.831624e+02 cycle=64500 time=5.468865e+00 dt=8.732607e-05
elapsed=5.937382e+02 cycle=64600 time=5.477682e+00 dt=8.900819e-05
elapsed=6.043055e+02 cycle=64700 time=5.486658e+00 dt=8.981215e-05
elapsed=6.148739e+02 cycle=64800 time=5.495579e+00 dt=8.889462e-05
elapsed=6.254461e+02 cycle=64900 time=5.504470e+00 dt=8.840394e-05
elapsed=6.360145e+02 cycle=65000 time=5.513199e+00 dt=8.616741e-05
elapsed=6.465856e+02 cycle=65100 time=5.521788e+00 dt=8.580953e-05
elapsed=6.571566e+02 cycle=65200 time=5.530353e+00 dt=8.456262e-05
elapsed=6.677013e+02 cycle=65300 time=5.538371e+00 dt=7.718008e-05
elapsed=6.782837e+02 cycle=65400 time=5.546554e+00 dt=8.588181e-05
elapsed=6.888595e+02 cycle=65500 time=5.555149e+00 dt=8.532631e-05
elapsed=6.994328e+02 cycle=65600 time=5.563646e+00 dt=8.476178e-05
elapsed=7.100125e+02 cycle=65700 time=5.572036e+00 dt=8.324124e-05
elapsed=7.205923e+02 cycle=65800 time=5.580306e+00 dt=8.236676e-05
elapsed=7.311576e+02 cycle=65900 time=5.588533e+00 dt=8.192437e-05
elapsed=7.417439e+02 cycle=66000 time=5.596374e+00 dt=7.422033e-05
elapsed=7.523478e+02 cycle=66100 time=5.603476e+00 dt=6.813980e-05
elapsed=7.629406e+02 cycle=66200 time=5.610784e+00 dt=8.091618e-05
elapsed=7.735200e+02 cycle=66300 time=5.618823e+00 dt=7.985638e-05
elapsed=7.841201e+02 cycle=66400 time=5.626746e+00 dt=7.868567e-05
elapsed=7.947169e+02 cycle=66500 time=5.634570e+00 dt=7.798575e-05
elapsed=8.053080e+02 cycle=66600 time=5.642181e+00 dt=7.724021e-05
elapsed=8.158822e+02 cycle=66700 time=5.649853e+00 dt=7.631992e-05
elapsed=8.264889e+02 cycle=66800 time=5.657489e+00 dt=7.619949e-05
elapsed=8.371003e+02 cycle=66900 time=5.665017e+00 dt=7.389843e-05
elapsed=8.477006e+02 cycle=67000 time=5.672241e+00 dt=7.024800e-05
elapsed=8.582677e+02 cycle=67100 time=5.678995e+00 dt=6.400732e-05
elapsed=8.688561e+02 cycle=67200 time=5.684976e+00 dt=5.981131e-05
elapsed=8.794573e+02 cycle=67300 time=5.692111e+00 dt=7.692399e-05
elapsed=8.900676e+02 cycle=67400 time=5.700023e+00 dt=7.832110e-05
elapsed=9.006568e+02 cycle=67500 time=5.707541e+00 dt=7.267621e-05
elapsed=9.112701e+02 cycle=67600 time=5.714336e+00 dt=6.368665e-05
elapsed=9.218917e+02 cycle=67700 time=5.721865e+00 dt=8.390097e-05
elapsed=9.325250e+02 cycle=67800 time=5.730621e+00 dt=8.923551e-05
elapsed=9.431254e+02 cycle=67900 time=5.739364e+00 dt=8.396356e-05
elapsed=9.537633e+02 cycle=68000 time=5.747772e+00 dt=8.711386e-05
elapsed=9.643812e+02 cycle=68100 time=5.756558e+00 dt=8.698782e-05
elapsed=9.749998e+02 cycle=68200 time=5.765247e+00 dt=8.695365e-05
elapsed=9.856184e+02 cycle=68300 time=5.773741e+00 dt=8.402573e-05
elapsed=9.962352e+02 cycle=68400 time=5.781983e+00 dt=8.236099e-05
elapsed=1.006858e+03 cycle=68500 time=5.790343e+00 dt=8.250106e-05
elapsed=1.017443e+03 cycle=68600 time=5.798496e+00 dt=8.175259e-05
elapsed=1.028055e+03 cycle=68700 time=5.806830e+00 dt=8.426605e-05
elapsed=1.038672e+03 cycle=68800 time=5.815306e+00 dt=8.411272e-05
elapsed=1.049278e+03 cycle=68900 time=5.823390e+00 dt=8.150829e-05
elapsed=1.059906e+03 cycle=69000 time=5.831599e+00 dt=8.406637e-05
elapsed=1.070500e+03 cycle=69100 time=5.839970e+00 dt=8.389444e-05
elapsed=1.081128e+03 cycle=69200 time=5.848506e+00 dt=8.761060e-05
elapsed=1.091743e+03 cycle=69300 time=5.857264e+00 dt=8.668387e-05
elapsed=1.102364e+03 cycle=69400 time=5.865779e+00 dt=8.399789e-05
elapsed=1.112979e+03 cycle=69500 time=5.874476e+00 dt=8.898265e-05
elapsed=1.123587e+03 cycle=69600 time=5.883032e+00 dt=8.207645e-05
elapsed=1.134202e+03 cycle=69700 time=5.891375e+00 dt=8.794225e-05
elapsed=1.144810e+03 cycle=69800 time=5.900408e+00 dt=9.171799e-05
elapsed=1.155386e+03 cycle=69900 time=5.909422e+00 dt=8.881165e-05
elapsed=1.165983e+03 cycle=70000 time=5.918195e+00 dt=8.771204e-05
elapsed=1.176582e+03 cycle=70100 time=5.926947e+00 dt=8.709337e-05
elapsed=1.187177e+03 cycle=70200 time=5.935731e+00 dt=8.804961e-05
elapsed=1.197756e+03 cycle=70300 time=5.944536e+00 dt=8.880411e-05
elapsed=1.208336e+03 cycle=70400 time=5.953536e+00 dt=9.173172e-05
elapsed=1.218913e+03 cycle=70500 time=5.962738e+00 dt=9.242372e-05
elapsed=1.229480e+03 cycle=70600 time=5.971951e+00 dt=9.085345e-05
elapsed=1.240054e+03 cycle=70700 time=5.980959e+00 dt=8.952557e-05
elapsed=1.250603e+03 cycle=70800 time=5.989879e+00 dt=8.888300e-05
elapsed=1.261181e+03 cycle=70900 time=5.998748e+00 dt=8.817147e-05
elapsed=1.271762e+03 cycle=71000 time=6.007194e+00 dt=8.373776e-05
elapsed=1.282331e+03 cycle=71100 time=6.015924e+00 dt=8.764788e-05
elapsed=1.292896e+03 cycle=71200 time=6.024593e+00 dt=8.569259e-05
elapsed=1.303464e+03 cycle=71300 time=6.033065e+00 dt=8.372063e-05
elapsed=1.314034e+03 cycle=71400 time=6.041356e+00 dt=8.255797e-05
elapsed=1.324729e+03 cycle=71500 time=6.049500e+00 dt=8.075266e-05
elapsed=1.335283e+03 cycle=71600 time=6.057606e+00 dt=8.040661e-05
elapsed=1.345847e+03 cycle=71700 time=6.065516e+00 dt=7.789290e-05
elapsed=1.356410e+03 cycle=71800 time=6.073329e+00 dt=7.921540e-05
elapsed=1.366970e+03 cycle=71900 time=6.081244e+00 dt=7.898275e-05
elapsed=1.377517e+03 cycle=72000 time=6.089409e+00 dt=8.528365e-05
elapsed=1.388094e+03 cycle=72100 time=6.097947e+00 dt=8.537360e-05
elapsed=1.398660e+03 cycle=72200 time=6.106426e+00 dt=8.414742e-05
elapsed=1.409237e+03 cycle=72300 time=6.114686e+00 dt=8.090347e-05
elapsed=1.419824e+03 cycle=72400 time=6.122575e+00 dt=7.695809e-05
elapsed=1.430397e+03 cycle=72500 time=6.130111e+00 dt=7.435630e-05
elapsed=1.440949e+03 cycle=72600 time=6.137594e+00 dt=7.612052e-05
elapsed=1.451525e+03 cycle=72700 time=6.144987e+00 dt=7.288680e-05
elapsed=1.462109e+03 cycle=72800 time=6.152039e+00 dt=6.956646e-05
elapsed=1.472669e+03 cycle=72900 time=6.159463e+00 dt=7.929537e-05
elapsed=1.483260e+03 cycle=73000 time=6.167884e+00 dt=8.789006e-05
elapsed=1.493875e+03 cycle=73100 time=6.176331e+00 dt=8.126060e-05
elapsed=1.504471e+03 cycle=73200 time=6.184195e+00 dt=7.600516e-05
elapsed=1.515059e+03 cycle=73300 time=6.191574e+00 dt=7.392524e-05
elapsed=1.525635e+03 cycle=73400 time=6.199934e+00 dt=8.606041e-05
elapsed=1.536253e+03 cycle=73500 time=6.208422e+00 dt=8.428253e-05
elapsed=1.546847e+03 cycle=73600 time=6.216876e+00 dt=8.525082e-05
elapsed=1.557454e+03 cycle=73700 time=6.225056e+00 dt=8.032855e-05
elapsed=1.568047e+03 cycle=73800 time=6.233493e+00 dt=8.635325e-05
elapsed=1.578647e+03 cycle=73900 time=6.242183e+00 dt=8.740399e-05
elapsed=1.589241e+03 cycle=74000 time=6.250972e+00 dt=8.822943e-05
elapsed=1.599814e+03 cycle=74100 time=6.259771e+00 dt=8.758885e-05
elapsed=1.610407e+03 cycle=74200 time=6.268452e+00 dt=8.614594e-05
elapsed=1.621001e+03 cycle=74300 time=6.277035e+00 dt=8.576284e-05
elapsed=1.631582e+03 cycle=74400 time=6.285562e+00 dt=8.453482e-05
elapsed=1.642161e+03 cycle=74500 time=6.294005e+00 dt=8.426585e-05
elapsed=1.652725e+03 cycle=74600 time=6.302380e+00 dt=8.367179e-05
elapsed=1.663292e+03 cycle=74700 time=6.310730e+00 dt=8.292457e-05
elapsed=1.673850e+03 cycle=74800 time=6.319010e+00 dt=8.269825e-05
elapsed=1.684413e+03 cycle=74900 time=6.327331e+00 dt=8.375522e-05
elapsed=1.694989e+03 cycle=75000 time=6.335728e+00 dt=8.400093e-05
elapsed=1.705558e+03 cycle=75100 time=6.344124e+00 dt=8.447577e-05
elapsed=1.716119e+03 cycle=75200 time=6.352563e+00 dt=8.414700e-05
elapsed=1.726672e+03 cycle=75300 time=6.360922e+00 dt=8.286727e-05
elapsed=1.737210e+03 cycle=75400 time=6.369153e+00 dt=8.189326e-05
elapsed=1.747769e+03 cycle=75500 time=6.377318e+00 dt=8.135559e-05
elapsed=1.758335e+03 cycle=75600 time=6.385239e+00 dt=7.775739e-05
elapsed=1.768880e+03 cycle=75700 time=6.392887e+00 dt=7.511292e-05
elapsed=1.779421e+03 cycle=75800 time=6.400659e+00 dt=8.512695e-05
elapsed=1.789939e+03 cycle=75900 time=6.409625e+00 dt=9.114198e-05
elapsed=1.800483e+03 cycle=76000 time=6.418781e+00 dt=9.150053e-05
elapsed=1.811043e+03 cycle=76100 time=6.427986e+00 dt=9.265823e-05
elapsed=1.821596e+03 cycle=76200 time=6.437224e+00 dt=9.105451e-05
elapsed=1.832136e+03 cycle=76300 time=6.446159e+00 dt=8.794095e-05
elapsed=1.842661e+03 cycle=76400 time=6.454825e+00 dt=8.562698e-05
elapsed=1.853203e+03 cycle=76500 time=6.463408e+00 dt=8.628962e-05
elapsed=1.863742e+03 cycle=76600 time=6.472102e+00 dt=8.919944e-05
elapsed=1.874266e+03 cycle=76700 time=6.480887e+00 dt=8.661611e-05
elapsed=1.884769e+03 cycle=76800 time=6.489463e+00 dt=8.542729e-05
elapsed=1.895305e+03 cycle=76900 time=6.498140e+00 dt=8.917758e-05
elapsed=1.905840e+03 cycle=77000 time=6.507153e+00 dt=8.889069e-05
elapsed=1.916362e+03 cycle=77100 time=6.515786e+00 dt=8.505091e-05
elapsed=1.926893e+03 cycle=77200 time=6.524513e+00 dt=8.823736e-05
elapsed=1.937433e+03 cycle=77300 time=6.533658e+00 dt=9.150177e-05
elapsed=1.947965e+03 cycle=77400 time=6.542623e+00 dt=8.821341e-05
elapsed=1.958496e+03 cycle=77500 time=6.551292e+00 dt=8.490108e-05
elapsed=1.968994e+03 cycle=77600 time=6.559582e+00 dt=8.120114e-05
elapsed=1.979507e+03 cycle=77700 time=6.567595e+00 dt=7.885147e-05
elapsed=1.990027e+03 cycle=77800 time=6.575414e+00 dt=7.725084e-05
elapsed=2.000537e+03 cycle=77900 time=6.582893e+00 dt=7.181025e-05
elapsed=2.011025e+03 cycle=78000 time=6.589903e+00 dt=7.838332e-05
elapsed=2.021547e+03 cycle=78100 time=6.597996e+00 dt=8.428799e-05
elapsed=2.032091e+03 cycle=78200 time=6.606219e+00 dt=7.979239e-05
elapsed=2.042611e+03 cycle=78300 time=6.613978e+00 dt=7.564659e-05
elapsed=2.053138e+03 cycle=78400 time=6.621346e+00 dt=7.181131e-05
elapsed=2.063632e+03 cycle=78500 time=6.628455e+00 dt=7.118586e-05
elapsed=2.074167e+03 cycle=78600 time=6.636123e+00 dt=8.410508e-05
elapsed=2.084699e+03 cycle=78700 time=6.644356e+00 dt=7.958666e-05
elapsed=2.095231e+03 cycle=78800 time=6.652024e+00 dt=7.383410e-05
elapsed=2.105720e+03 cycle=78900 time=6.659477e+00 dt=7.629723e-05
elapsed=2.116242e+03 cycle=79000 time=6.667821e+00 dt=8.773278e-05
elapsed=2.126768e+03 cycle=79100 time=6.676473e+00 dt=8.552767e-05
elapsed=2.137300e+03 cycle=79200 time=6.684867e+00 dt=8.175864e-05
elapsed=2.147819e+03 cycle=79300 time=6.692737e+00 dt=7.596323e-05
elapsed=2.158345e+03 cycle=79400 time=6.700592e+00 dt=8.285213e-05
elapsed=2.168845e+03 cycle=79500 time=6.708966e+00 dt=8.447196e-05
elapsed=2.179369e+03 cycle=79600 time=6.717500e+00 dt=8.658453e-05
elapsed=2.189899e+03 cycle=79700 time=6.726200e+00 dt=8.711012e-05
elapsed=2.200428e+03 cycle=79800 time=6.734763e+00 dt=8.363960e-05
elapsed=2.210966e+03 cycle=79900 time=6.742853e+00 dt=7.795632e-05
elapsed=2.221494e+03 cycle=80000 time=6.750674e+00 dt=7.977905e-05
elapsed=2.231997e+03 cycle=80100 time=6.758738e+00 dt=8.422441e-05
elapsed=2.242532e+03 cycle=80200 time=6.767324e+00 dt=8.593747e-05
elapsed=2.253066e+03 cycle=80300 time=6.776043e+00 dt=8.915194e-05
elapsed=2.263599e+03 cycle=80400 time=6.784793e+00 dt=8.654598e-05
elapsed=2.274133e+03 cycle=80500 time=6.793423e+00 dt=8.656176e-05
elapsed=2.284665e+03 cycle=80600 time=6.802202e+00 dt=8.889608e-05
elapsed=2.295206e+03 cycle=80700 time=6.811104e+00 dt=8.725113e-05
elapsed=2.305715e+03 cycle=80800 time=6.819680e+00 dt=8.500821e-05
elapsed=2.316255e+03 cycle=80900 time=6.828055e+00 dt=8.515542e-05
elapsed=2.326799e+03 cycle=81000 time=6.836731e+00 dt=8.817644e-05
elapsed=2.337342e+03 cycle=81100 time=6.845467e+00 dt=8.476498e-05
elapsed=2.347885e+03 cycle=81200 time=6.853685e+00 dt=7.775271e-05
elapsed=2.358424e+03 cycle=81300 time=6.861212e+00 dt=7.713766e-05
elapsed=2.368937e+03 cycle=81400 time=6.868579e+00 dt=7.590871e-05
elapsed=2.379482e+03 cycle=81500 time=6.876533e+00 dt=8.552846e-05
elapsed=2.390026e+03 cycle=81600 time=6.884957e+00 dt=8.215205e-05
elapsed=2.400569e+03 cycle=81700 time=6.893209e+00 dt=8.422226e-05
elapsed=2.411108e+03 cycle=81800 time=6.901656e+00 dt=8.434346e-05
elapsed=2.421642e+03 cycle=81900 time=6.910087e+00 dt=8.357056e-05
elapsed=2.432145e+03 cycle=82000 time=6.918404e+00 dt=8.289421e-05
elapsed=2.442678e+03 cycle=82100 time=6.926699e+00 dt=8.312998e-05
elapsed=2.453208e+03 cycle=82200 time=6.934960e+00 dt=8.018132e-05
elapsed=2.463743e+03 cycle=82300 time=6.942852e+00 dt=8.029871e-05
elapsed=2.474280e+03 cycle=82400 time=6.951218e+00 dt=8.295562e-05
elapsed=2.484783e+03 cycle=82500 time=6.959429e+00 dt=8.144480e-05
elapsed=2.495314e+03 cycle=82600 time=6.967704e+00 dt=8.400310e-05
elapsed=2.505844e+03 cycle=82700 time=6.976105e+00 dt=8.437970e-05
elapsed=2.516380e+03 cycle=82800 time=6.984607e+00 dt=8.534947e-05
elapsed=2.526920e+03 cycle=82900 time=6.993056e+00 dt=8.350727e-05
elapsed=2.537483e+03 cycle=83000 time=7.001424e+00 dt=8.392864e-05
elapsed=2.548007e+03 cycle=83100 time=7.009872e+00 dt=8.481629e-05
elapsed=2.558571e+03 cycle=83200 time=7.018346e+00 dt=8.443462e-05
elapsed=2.569140e+03 cycle=83300 time=7.026367e+00 dt=7.732644e-05
elapsed=2.579719e+03 cycle=83400 time=7.034717e+00 dt=8.749112e-05
elapsed=2.590305e+03 cycle=83500 time=7.043583e+00 dt=8.944615e-05
elapsed=2.600915e+03 cycle=83600 time=7.052600e+00 dt=9.100351e-05
elapsed=2.611533e+03 cycle=83700 time=7.061705e+00 dt=9.102990e-05
elapsed=2.622156e+03 cycle=83800 time=7.070786e+00 dt=9.056464e-05
elapsed=2.632757e+03 cycle=83900 time=7.079776e+00 dt=8.965318e-05
elapsed=2.643382e+03 cycle=84000 time=7.088730e+00 dt=8.894765e-05
elapsed=2.654013e+03 cycle=84100 time=7.097505e+00 dt=8.712780e-05
elapsed=2.664656e+03 cycle=84200 time=7.106216e+00 dt=8.695328e-05
elapsed=2.675306e+03 cycle=84300 time=7.114893e+00 dt=8.705280e-05
elapsed=2.685972e+03 cycle=84400 time=7.123558e+00 dt=8.655537e-05
elapsed=2.696648e+03 cycle=84500 time=7.132238e+00 dt=8.696783e-05
elapsed=2.707353e+03 cycle=84600 time=7.141023e+00 dt=8.825030e-05
elapsed=2.718035e+03 cycle=84700 time=7.149714e+00 dt=8.480743e-05
elapsed=2.728735e+03 cycle=84800 time=7.158028e+00 dt=8.281594e-05
elapsed=2.739451e+03 cycle=84900 time=7.166516e+00 dt=8.663126e-05
elapsed=2.750192e+03 cycle=85000 time=7.175197e+00 dt=8.659231e-05
elapsed=2.760925e+03 cycle=85100 time=7.183765e+00 dt=8.678562e-05
elapsed=2.771657e+03 cycle=85200 time=7.192370e+00 dt=8.504441e-05
elapsed=2.782387e+03 cycle=85300 time=7.200870e+00 dt=8.538936e-05
elapsed=2.793100e+03 cycle=85400 time=7.209373e+00 dt=8.461846e-05
elapsed=2.803849e+03 cycle=85500 time=7.217773e+00 dt=8.319347e-05
elapsed=2.814614e+03 cycle=85600 time=7.226053e+00 dt=8.202032e-05
elapsed=2.825374e+03 cycle=85700 time=7.234207e+00 dt=8.158889e-05
elapsed=2.836131e+03 cycle=85800 time=7.242348e+00 dt=8.129137e-05
elapsed=2.846901e+03 cycle=85900 time=7.250489e+00 dt=8.173030e-05
elapsed=2.857650e+03 cycle=86000 time=7.258720e+00 dt=8.302887e-05
elapsed=2.868437e+03 cycle=86100 time=7.267081e+00 dt=8.446068e-05
elapsed=2.879216e+03 cycle=86200 time=7.275616e+00 dt=8.535782e-05
elapsed=2.890000e+03 cycle=86300 time=7.284174e+00 dt=8.562454e-05
elapsed=2.900787e+03 cycle=86400 time=7.292649e+00 dt=8.364588e-05
elapsed=2.911584e+03 cycle=86500 time=7.301012e+00 dt=8.489202e-05
elapsed=2.922357e+03 cycle=86600 time=7.309366e+00 dt=8.022268e-05
elapsed=2.933166e+03 cycle=86700 time=7.317340e+00 dt=7.951123e-05
elapsed=2.943969e+03 cycle=86800 time=7.325471e+00 dt=8.295206e-05
elapsed=2.954784e+03 cycle=86900 time=7.334116e+00 dt=9.003199e-05
elapsed=2.965600e+03 cycle=87000 time=7.342969e+00 dt=8.754089e-05
elapsed=2.976415e+03 cycle=87100 time=7.351723e+00 dt=8.755355e-05
elapsed=2.987231e+03 cycle=87200 time=7.360415e+00 dt=8.731775e-05
elapsed=2.998029e+03 cycle=87300 time=7.369152e+00 dt=8.654803e-05
elapsed=3.008851e+03 cycle=87400 time=7.377885e+00 dt=8.952690e-05
elapsed=3.019671e+03 cycle=87500 time=7.386723e+00 dt=8.648660e-05
elapsed=3.030496e+03 cycle=87600 time=7.395267e+00 dt=8.387198e-05
elapsed=3.041339e+03 cycle=87700 time=7.403614e+00 dt=8.245328e-05
elapsed=3.052176e+03 cycle=87800 time=7.411901e+00 dt=8.316950e-05
elapsed=3.063018e+03 cycle=87900 time=7.420155e+00 dt=8.182395e-05
elapsed=3.073841e+03 cycle=88000 time=7.428216e+00 dt=7.954179e-05
elapsed=3.084689e+03 cycle=88100 time=7.436193e+00 dt=7.602392e-05
elapsed=3.095546e+03 cycle=88200 time=7.443461e+00 dt=7.903429e-05
elapsed=3.106434e+03 cycle=88300 time=7.452244e+00 dt=8.909001e-05
elapsed=3.117332e+03 cycle=88400 time=7.461139e+00 dt=8.828868e-05
elapsed=3.128186e+03 cycle=88500 time=7.469704e+00 dt=8.056035e-05
elapsed=3.139069e+03 cycle=88600 time=7.477799e+00 dt=8.456527e-05
elapsed=3.149958e+03 cycle=88700 time=7.486075e+00 dt=8.087902e-05
elapsed=3.160847e+03 cycle=88800 time=7.494094e+00 dt=7.983543e-05
elapsed=3.171734e+03 cycle=88900 time=7.502015e+00 dt=7.819068e-05
elapsed=3.182606e+03 cycle=89000 time=7.509732e+00 dt=7.680245e-05
elapsed=3.193503e+03 cycle=89100 time=7.517358e+00 dt=7.431650e-05
elapsed=3.204398e+03 cycle=89200 time=7.524335e+00 dt=6.471067e-05
elapsed=3.215304e+03 cycle=89300 time=7.531710e+00 dt=8.412772e-05
elapsed=3.226223e+03 cycle=89400 time=7.540121e+00 dt=8.300458e-05
elapsed=3.237120e+03 cycle=89500 time=7.548313e+00 dt=8.163171e-05
elapsed=3.248051e+03 cycle=89600 time=7.556928e+00 dt=8.955738e-05
elapsed=3.258977e+03 cycle=89700 time=7.565802e+00 dt=8.795592e-05
elapsed=3.269909e+03 cycle=89800 time=7.574324e+00 dt=8.224929e-05
elapsed=3.280824e+03 cycle=89900 time=7.582475e+00 dt=8.040664e-05
elapsed=3.291751e+03 cycle=90000 time=7.590524e+00 dt=7.908101e-05
elapsed=3.302632e+03 cycle=90100 time=7.598250e+00 dt=7.966121e-05
elapsed=3.313535e+03 cycle=90200 time=7.606453e+00 dt=8.309726e-05
elapsed=3.324452e+03 cycle=90300 time=7.614643e+00 dt=8.082720e-05
elapsed=3.335361e+03 cycle=90400 time=7.622700e+00 dt=7.999917e-05
elapsed=3.346272e+03 cycle=90500 time=7.630673e+00 dt=7.952348e-05
elapsed=3.357158e+03 cycle=90600 time=7.638712e+00 dt=8.186857e-05
elapsed=3.368084e+03 cycle=90700 time=7.647093e+00 dt=8.629274e-05
elapsed=3.379004e+03 cycle=90800 time=7.656125e+00 dt=9.448092e-05
elapsed=3.389934e+03 cycle=90900 time=7.665692e+00 dt=9.506282e-05
elapsed=3.400874e+03 cycle=91000 time=7.675071e+00 dt=9.464379e-05
elapsed=3.411812e+03 cycle=91100 time=7.684418e+00 dt=9.525609e-05
elapsed=3.422756e+03 cycle=91200 time=7.693971e+00 dt=9.568005e-05
elapsed=3.433696e+03 cycle=91300 time=7.703358e+00 dt=9.125048e-05
elapsed=3.444639e+03 cycle=91400 time=7.712212e+00 dt=8.595633e-05
elapsed=3.455577e+03 cycle=91500 time=7.720552e+00 dt=8.373009e-05
elapsed=3.466488e+03 cycle=91600 time=7.728901e+00 dt=8.557888e-05
elapsed=3.477446e+03 cycle=91700 time=7.737380e+00 dt=8.320556e-05
elapsed=3.488399e+03 cycle=91800 time=7.745578e+00 dt=8.113217e-05
elapsed=3.499351e+03 cycle=91900 time=7.753786e+00 dt=8.192986e-05
elapsed=3.510307e+03 cycle=92000 time=7.762114e+00 dt=8.660348e-05
elapsed=3.521259e+03 cycle=92100 time=7.770537e+00 dt=8.116799e-05
elapsed=3.532187e+03 cycle=92200 time=7.779094e+00 dt=8.819502e-05
elapsed=3.543145e+03 cycle=92300 time=7.787676e+00 dt=8.418581e-05
elapsed=3.554094e+03 cycle=92400 time=7.795954e+00 dt=8.150808e-05
elapsed=3.565046e+03 cycle=92500 time=7.804283e+00 dt=8.743215e-05
elapsed=3.576000e+03 cycle=92600 time=7.812891e+00 dt=8.571991e-05
elapsed=3.586960e+03 cycle=92700 time=7.821527e+00 dt=8.552173e-05
elapsed=3.597913e+03 cycle=92800 time=7.830229e+00 dt=8.716114e-05
elapsed=3.608841e+03 cycle=92900 time=7.839071e+00 dt=9.085449e-05
elapsed=3.619793e+03 cycle=93000 time=7.848066e+00 dt=8.790154e-05
elapsed=3.630734e+03 cycle=93100 time=7.856664e+00 dt=8.463619e-05
elapsed=3.641684e+03 cycle=93200 time=7.865127e+00 dt=8.501106e-05
elapsed=3.652640e+03 cycle=93300 time=7.873718e+00 dt=8.619950e-05
elapsed=3.663576e+03 cycle=93400 time=7.882034e+00 dt=7.766245e-05
elapsed=3.674512e+03 cycle=93500 time=7.890862e+00 dt=9.769053e-05
elapsed=3.685460e+03 cycle=93600 time=7.900690e+00 dt=9.826824e-05
elapsed=3.696404e+03 cycle=93700 time=7.910460e+00 dt=9.699863e-05
elapsed=3.707343e+03 cycle=93800 time=7.920110e+00 dt=9.572230e-05
elapsed=3.718264e+03 cycle=93900 time=7.929630e+00 dt=9.455338e-05
elapsed=3.729215e+03 cycle=94000 time=7.939012e+00 dt=9.294858e-05
elapsed=3.740157e+03 cycle=94100 time=7.948373e+00 dt=9.246893e-05
elapsed=3.751103e+03 cycle=94200 time=7.957496e+00 dt=9.023834e-05
elapsed=3.762055e+03 cycle=94300 time=7.966343e+00 dt=8.939623e-05
elapsed=3.772993e+03 cycle=94400 time=7.975279e+00 dt=8.806292e-05
elapsed=3.783938e+03 cycle=94500 time=7.983818e+00 dt=8.228944e-05
elapsed=3.794879e+03 cycle=94600 time=7.991834e+00 dt=7.830947e-05
elapsed=3.805787e+03 cycle=94700 time=7.999298e+00 dt=7.174438e-05
elapsed=3.816737e+03 cycle=94800 time=8.006460e+00 dt=7.213686e-05
elapsed=3.827705e+03 cycle=94900 time=8.014039e+00 dt=8.059079e-05
elapsed=3.838652e+03 cycle=95000 time=8.021913e+00 dt=7.719543e-05
elapsed=3.849576e+03 cycle=95100 time=8.029302e+00 dt=7.081263e-05
elapsed=3.860531e+03 cycle=95200 time=8.036374e+00 dt=7.720044e-05
elapsed=3.871502e+03 cycle=95300 time=8.045201e+00 dt=9.406473e-05
elapsed=3.882483e+03 cycle=95400 time=8.054582e+00 dt=9.238257e-05
elapsed=3.893457e+03 cycle=95500 time=8.063753e+00 dt=9.091314e-05
elapsed=3.904423e+03 cycle=95600 time=8.072735e+00 dt=8.878985e-05
elapsed=3.915389e+03 cycle=95700 time=8.081489e+00 dt=8.654191e-05
elapsed=3.926349e+03 cycle=95800 time=8.090155e+00 dt=8.739318e-05
elapsed=3.937268e+03 cycle=95900 time=8.098957e+00 dt=8.789509e-05
elapsed=3.948208e+03 cycle=96000 time=8.107700e+00 dt=8.716242e-05
elapsed=3.959141e+03 cycle=96100 time=8.116493e+00 dt=8.789576e-05
elapsed=3.970085e+03 cycle=96200 time=8.125250e+00 dt=8.708330e-05
elapsed=3.981026e+03 cycle=96300 time=8.134020e+00 dt=8.788737e-05
elapsed=3.991960e+03 cycle=96400 time=8.142779e+00 dt=8.773199e-05
elapsed=4.002903e+03 cycle=96500 time=8.151578e+00 dt=8.796357e-05
elapsed=4.013852e+03 cycle=96600 time=8.160319e+00 dt=8.686440e-05
elapsed=4.024767e+03 cycle=96700 time=8.168963e+00 dt=8.616163e-05
elapsed=4.035708e+03 cycle=96800 time=8.177615e+00 dt=8.680280e-05
elapsed=4.046653e+03 cycle=96900 time=8.186160e+00 dt=8.566496e-05
elapsed=4.057599e+03 cycle=97000 time=8.194728e+00 dt=8.584038e-05
elapsed=4.068550e+03 cycle=97100 time=8.203444e+00 dt=8.836571e-05
elapsed=4.079501e+03 cycle=97200 time=8.212360e+00 dt=8.892980e-05
elapsed=4.090458e+03 cycle=97300 time=8.221248e+00 dt=8.969852e-05
elapsed=4.101404e+03 cycle=97400 time=8.230272e+00 dt=9.010031e-05
elapsed=4.112328e+03 cycle=97500 time=8.239224e+00 dt=8.921830e-05
elapsed=4.123261e+03 cycle=97600 time=8.248123e+00 dt=8.836422e-05
elapsed=4.134196e+03 cycle=97700 time=8.256987e+00 dt=8.867237e-05
elapsed=4.145125e+03 cycle=97800 time=8.265795e+00 dt=8.741773e-05
elapsed=4.156047e+03 cycle=97900 time=8.274485e+00 dt=8.695032e-05
elapsed=4.166983e+03 cycle=98000 time=8.283183e+00 dt=8.496796e-05
elapsed=4.177908e+03 cycle=98100 time=8.291297e+00 dt=7.933004e-05
elapsed=4.188821e+03 cycle=98200 time=8.299935e+00 dt=8.811595e-05
elapsed=4.199754e+03 cycle=98300 time=8.308745e+00 dt=8.800863e-05
elapsed=4.210693e+03 cycle=98400 time=8.317455e+00 dt=8.654799e-05
elapsed=4.221627e+03 cycle=98500 time=8.326182e+00 dt=8.685968e-05
elapsed=4.232569e+03 cycle=98600 time=8.335096e+00 dt=9.080924e-05
elapsed=4.243499e+03 cycle=98700 time=8.344150e+00 dt=9.017249e-05
elapsed=4.254446e+03 cycle=98800 time=8.353122e+00 dt=8.896495e-05
elapsed=4.265400e+03 cycle=98900 time=8.362038e+00 dt=8.973684e-05
elapsed=4.276352e+03 cycle=99000 time=8.371058e+00 dt=9.063898e-05
elapsed=4.287314e+03 cycle=99100 time=8.380112e+00 dt=9.049329e-05
elapsed=4.298253e+03 cycle=99200 time=8.389081e+00 dt=8.752009e-05
elapsed=4.309225e+03 cycle=99300 time=8.397919e+00 dt=8.908925e-05
elapsed=4.320209e+03 cycle=99400 time=8.406786e+00 dt=8.778886e-05
elapsed=4.331178e+03 cycle=99500 time=8.415482e+00 dt=8.562599e-05
elapsed=4.342148e+03 cycle=99600 time=8.423908e+00 dt=8.187052e-05
elapsed=4.353134e+03 cycle=99700 time=8.432095e+00 dt=8.312595e-05
elapsed=4.364128e+03 cycle=99800 time=8.441032e+00 dt=9.421746e-05
elapsed=4.375140e+03 cycle=99900 time=8.450366e+00 dt=9.257483e-05
elapsed=4.386120e+03 cycle=100000 time=8.459505e+00 dt=9.040376e-05
elapsed=4.397123e+03 cycle=100100 time=8.468145e+00 dt=8.079857e-05
elapsed=4.408113e+03 cycle=100200 time=8.476461e+00 dt=9.060388e-05
elapsed=4.419118e+03 cycle=100300 time=8.485264e+00 dt=8.440370e-05
elapsed=4.430122e+03 cycle=100400 time=8.494052e+00 dt=8.870461e-05
elapsed=4.441130e+03 cycle=100500 time=8.502865e+00 dt=9.014687e-05
elapsed=4.452142e+03 cycle=100600 time=8.511908e+00 dt=9.020229e-05
elapsed=4.463168e+03 cycle=100700 time=8.520877e+00 dt=8.869756e-05
elapsed=4.474166e+03 cycle=100800 time=8.529700e+00 dt=8.839911e-05
elapsed=4.485187e+03 cycle=100900 time=8.538608e+00 dt=8.918343e-05
elapsed=4.496204e+03 cycle=101000 time=8.547550e+00 dt=8.940686e-05
elapsed=4.507212e+03 cycle=101100 time=8.556432e+00 dt=8.817483e-05
elapsed=4.518237e+03 cycle=101200 time=8.565150e+00 dt=8.613897e-05
elapsed=4.529251e+03 cycle=101300 time=8.573711e+00 dt=8.509346e-05
elapsed=4.540265e+03 cycle=101400 time=8.582164e+00 dt=8.421093e-05
elapsed=4.551297e+03 cycle=101500 time=8.590585e+00 dt=8.419218e-05
elapsed=4.562298e+03 cycle=101600 time=8.599025e+00 dt=8.420925e-05
elapsed=4.573317e+03 cycle=101700 time=8.607450e+00 dt=8.476434e-05
elapsed=4.584334e+03 cycle=101800 time=8.615826e+00 dt=8.332851e-05
elapsed=4.595338e+03 cycle=101900 time=8.624030e+00 dt=8.063784e-05
elapsed=4.606309e+03 cycle=102000 time=8.632210e+00 dt=8.137714e-05
elapsed=4.617260e+03 cycle=102100 time=8.640251e+00 dt=7.934704e-05
elapsed=4.628182e+03 cycle=102200 time=8.648064e+00 dt=7.697160e-05
elapsed=4.639110e+03 cycle=102300 time=8.655628e+00 dt=7.429877e-05
elapsed=4.650009e+03 cycle=102400 time=8.662944e+00 dt=7.215822e-05
elapsed=4.660902e+03 cycle=102500 time=8.670147e+00 dt=7.203265e-05
elapsed=4.671747e+03 cycle=102600 time=8.677387e+00 dt=7.293131e-05
elapsed=4.682604e+03 cycle=102700 time=8.684724e+00 dt=7.376084e-05
elapsed=4.693437e+03 cycle=102800 time=8.692105e+00 dt=7.419640e-05
elapsed=4.704234e+03 cycle=102900 time=8.699614e+00 dt=7.582579e-05
elapsed=4.715047e+03 cycle=103000 time=8.707293e+00 dt=7.771609e-05
elapsed=4.725853e+03 cycle=103100 time=8.715106e+00 dt=7.835907e-05
elapsed=4.736670e+03 cycle=103200 time=8.723027e+00 dt=8.079816e-05
elapsed=4.747471e+03 cycle=103300 time=8.731189e+00 dt=8.228912e-05
elapsed=4.758242e+03 cycle=103400 time=8.739492e+00 dt=8.423445e-05
elapsed=4.769047e+03 cycle=103500 time=8.748095e+00 dt=8.781137e-05
elapsed=4.779849e+03 cycle=103600 time=8.756915e+00 dt=8.886120e-05
elapsed=4.790664e+03 cycle=103700 time=8.765840e+00 dt=8.921473e-05
elapsed=4.801474e+03 cycle=103800 time=8.774798e+00 dt=9.051154e-05
elapsed=4.812280e+03 cycle=103900 time=8.783921e+00 dt=9.189703e-05
elapsed=4.823082e+03 cycle=104000 time=8.793117e+00 dt=9.182119e-05
elapsed=4.833878e+03 cycle=104100 time=8.802247e+00 dt=9.095559e-05
elapsed=4.844663e+03 cycle=104200 time=8.811241e+00 dt=8.916134e-05
elapsed=4.855457e+03 cycle=104300 time=8.820194e+00 dt=8.995402e-05
elapsed=4.866227e+03 cycle=104400 time=8.829264e+00 dt=9.216194e-05
elapsed=4.877017e+03 cycle=104500 time=8.838343e+00 dt=8.853093e-05
elapsed=4.887800e+03 cycle=104600 time=8.846928e+00 dt=8.309482e-05
elapsed=4.898588e+03 cycle=104700 time=8.855055e+00 dt=7.999075e-05
elapsed=4.909376e+03 cycle=104800 time=8.862966e+00 dt=7.994472e-05
elapsed=4.920161e+03 cycle=104900 time=8.871301e+00 dt=8.749530e-05
elapsed=4.930960e+03 cycle=105000 time=8.880311e+00 dt=9.084276e-05
elapsed=4.941728e+03 cycle=105100 time=8.889458e+00 dt=9.124650e-05
elapsed=4.952528e+03 cycle=105200 time=8.898415e+00 dt=8.820750e-05
elapsed=4.963325e+03 cycle=105300 time=8.907145e+00 dt=8.584281e-05
elapsed=4.974114e+03 cycle=105400 time=8.915096e+00 dt=7.425038e-05
elapsed=4.984888e+03 cycle=105500 time=8.922426e+00 dt=7.546943e-05
elapsed=4.995687e+03 cycle=105600 time=8.931175e+00 dt=9.441769e-05
elapsed=5.006487e+03 cycle=105700 time=8.940598e+00 dt=9.399759e-05
elapsed=5.017252e+03 cycle=105800 time=8.949951e+00 dt=9.298748e-05
elapsed=5.028047e+03 cycle=105900 time=8.959221e+00 dt=9.300993e-05
elapsed=5.038836e+03 cycle=106000 time=8.968452e+00 dt=9.001764e-05
elapsed=5.049637e+03 cycle=106100 time=8.977524e+00 dt=9.102757e-05
elapsed=5.060427e+03 cycle=106200 time=8.986688e+00 dt=9.279561e-05
elapsed=5.071218e+03 cycle=106300 time=8.995979e+00 dt=9.302666e-05
elapsed=5.082016e+03 cycle=106400 time=9.005300e+00 dt=9.344721e-05
elapsed=5.092828e+03 cycle=106500 time=9.014630e+00 dt=9.284921e-05
elapsed=5.103619e+03 cycle=106600 time=9.023906e+00 dt=9.335839e-05
elapsed=5.114409e+03 cycle=106700 time=9.033346e+00 dt=9.504988e-05
elapsed=5.125198e+03 cycle=106800 time=9.042824e+00 dt=9.440123e-05
elapsed=5.135985e+03 cycle=106900 time=9.052256e+00 dt=9.408037e-05
elapsed=5.146708e+03 cycle=107000 time=9.061604e+00 dt=9.298625e-05
elapsed=5.157305e+03 cycle=107100 time=9.070848e+00 dt=9.178752e-05
elapsed=5.167868e+03 cycle=107200 time=9.080014e+00 dt=9.184322e-05
elapsed=5.178368e+03 cycle=107300 time=9.089187e+00 dt=9.185039e-05
elapsed=5.188862e+03 cycle=107400 time=9.098317e+00 dt=9.011159e-05
elapsed=5.199344e+03 cycle=107500 time=9.107225e+00 dt=8.814558e-05
elapsed=5.209827e+03 cycle=107600 time=9.116047e+00 dt=8.864317e-05
elapsed=5.220308e+03 cycle=107700 time=9.125072e+00 dt=9.048671e-05
elapsed=5.230786e+03 cycle=107800 time=9.133860e+00 dt=8.491670e-05
elapsed=5.241258e+03 cycle=107900 time=9.142228e+00 dt=8.555717e-05
elapsed=5.251742e+03 cycle=108000 time=9.151592e+00 dt=9.438799e-05
elapsed=5.262219e+03 cycle=108100 time=9.161012e+00 dt=9.429128e-05
elapsed=5.272709e+03 cycle=108200 time=9.170486e+00 dt=9.457163e-05
elapsed=5.283168e+03 cycle=108300 time=9.179847e+00 dt=9.337687e-05
elapsed=5.293652e+03 cycle=108400 time=9.189053e+00 dt=9.221627e-05
elapsed=5.304120e+03 cycle=108500 time=9.198473e+00 dt=9.443733e-05
elapsed=5.314606e+03 cycle=108600 time=9.207916e+00 dt=9.423781e-05
elapsed=5.325080e+03 cycle=108700 time=9.217332e+00 dt=9.346323e-05
elapsed=5.335545e+03 cycle=108800 time=9.226622e+00 dt=9.266599e-05
elapsed=5.346008e+03 cycle=108900 time=9.235833e+00 dt=9.212883e-05
elapsed=5.356473e+03 cycle=109000 time=9.245090e+00 dt=9.250697e-05
elapsed=5.366933e+03 cycle=109100 time=9.254247e+00 dt=9.090955e-05
elapsed=5.377395e+03 cycle=109200 time=9.263229e+00 dt=8.875267e-05
elapsed=5.387864e+03 cycle=109300 time=9.272050e+00 dt=8.811717e-05
elapsed=5.398326e+03 cycle=109400 time=9.280928e+00 dt=8.920754e-05
elapsed=5.408765e+03 cycle=109500 time=9.289829e+00 dt=8.863996e-05
elapsed=5.419226e+03 cycle=109600 time=9.298630e+00 dt=8.758663e-05
elapsed=5.429690e+03 cycle=109700 time=9.307261e+00 dt=8.482971e-05
elapsed=5.440139e+03 cycle=109800 time=9.315623e+00 dt=8.292954e-05
elapsed=5.450615e+03 cycle=109900 time=9.323864e+00 dt=8.049980e-05
elapsed=5.461069e+03 cycle=110000 time=9.332345e+00 dt=8.732341e-05
elapsed=5.471538e+03 cycle=110100 time=9.341209e+00 dt=8.977253e-05
elapsed=5.482012e+03 cycle=110200 time=9.350237e+00 dt=8.904792e-05
elapsed=5.492466e+03 cycle=110300 time=9.358589e+00 dt=7.726430e-05
elapsed=5.502938e+03 cycle=110400 time=9.366949e+00 dt=9.016214e-05
elapsed=5.513418e+03 cycle=110500 time=9.375848e+00 dt=8.683794e-05
elapsed=5.523898e+03 cycle=110600 time=9.384169e+00 dt=7.895251e-05
elapsed=5.534369e+03 cycle=110700 time=9.391852e+00 dt=7.554966e-05
elapsed=5.544823e+03 cycle=110800 time=9.399394e+00 dt=7.746780e-05
elapsed=5.555304e+03 cycle=110900 time=9.407287e+00 dt=8.169537e-05
elapsed=5.565790e+03 cycle=111000 time=9.415615e+00 dt=8.281276e-05
elapsed=5.576273e+03 cycle=111100 time=9.423906e+00 dt=8.592985e-05
elapsed=5.586758e+03 cycle=111200 time=9.432407e+00 dt=8.344952e-05
elapsed=5.597254e+03 cycle=111300 time=9.441342e+00 dt=9.161957e-05
elapsed=5.607752e+03 cycle=111400 time=9.450495e+00 dt=9.129349e-05
elapsed=5.618228e+03 cycle=111500 time=9.459607e+00 dt=9.100160e-05
elapsed=5.628743e+03 cycle=111600 time=9.468659e+00 dt=8.983443e-05
elapsed=5.639255e+03 cycle=111700 time=9.477571e+00 dt=8.846262e-05
elapsed=5.649749e+03 cycle=111800 time=9.486370e+00 dt=8.804334e-05
elapsed=5.660233e+03 cycle=111900 time=9.494982e+00 dt=8.577713e-05
elapsed=5.670728e+03 cycle=112000 time=9.503685e+00 dt=8.812821e-05
elapsed=5.681209e+03 cycle=112100 time=9.512490e+00 dt=8.813638e-05
elapsed=5.691690e+03 cycle=112200 time=9.521219e+00 dt=8.677410e-05
elapsed=5.702142e+03 cycle=112300 time=9.529796e+00 dt=8.518339e-05
elapsed=5.712605e+03 cycle=112400 time=9.538267e+00 dt=8.439111e-05
elapsed=5.723062e+03 cycle=112500 time=9.546758e+00 dt=8.450176e-05
elapsed=5.733511e+03 cycle=112600 time=9.555179e+00 dt=8.387852e-05
elapsed=5.743926e+03 cycle=112700 time=9.563640e+00 dt=8.705354e-05
elapsed=5.754339e+03 cycle=112800 time=9.572727e+00 dt=9.220749e-05
elapsed=5.764734e+03 cycle=112900 time=9.581971e+00 dt=9.287640e-05
elapsed=5.775129e+03 cycle=113000 time=9.591278e+00 dt=9.306861e-05
elapsed=5.785505e+03 cycle=113100 time=9.600581e+00 dt=9.247503e-05
elapsed=5.795838e+03 cycle=113200 time=9.609772e+00 dt=9.127019e-05
elapsed=5.806181e+03 cycle=113300 time=9.618909e+00 dt=9.180230e-05
elapsed=5.816511e+03 cycle=113400 time=9.628060e+00 dt=9.084260e-05
elapsed=5.826809e+03 cycle=113500 time=9.637029e+00 dt=8.825653e-05
elapsed=5.837083e+03 cycle=113600 time=9.645712e+00 dt=8.528125e-05
elapsed=5.847340e+03 cycle=113700 time=9.654074e+00 dt=8.213669e-05
elapsed=5.857571e+03 cycle=113800 time=9.662098e+00 dt=7.804705e-05
elapsed=5.867776e+03 cycle=113900 time=9.669647e+00 dt=7.358078e-05
elapsed=5.878008e+03 cycle=114000 time=9.677018e+00 dt=7.504153e-05
elapsed=5.888235e+03 cycle=114100 time=9.684959e+00 dt=8.537831e-05
elapsed=5.898458e+03 cycle=114200 time=9.693706e+00 dt=8.630847e-05
elapsed=5.908671e+03 cycle=114300 time=9.702198e+00 dt=8.369302e-05
elapsed=5.918860e+03 cycle=114400 time=9.710486e+00 dt=8.228959e-05
elapsed=5.929026e+03 cycle=114500 time=9.718675e+00 dt=8.132832e-05
elapsed=5.939194e+03 cycle=114600 time=9.726755e+00 dt=7.986025e-05
elapsed=5.949359e+03 cycle=114700 time=9.734571e+00 dt=7.662544e-05
elapsed=5.959519e+03 cycle=114800 time=9.742107e+00 dt=7.626545e-05
elapsed=5.969650e+03 cycle=114900 time=9.749851e+00 dt=7.607549e-05
elapsed=5.979813e+03 cycle=115000 time=9.757339e+00 dt=7.326916e-05
elapsed=5.989986e+03 cycle=115100 time=9.765094e+00 dt=8.482851e-05
elapsed=6.000153e+03 cycle=115200 time=9.773712e+00 dt=8.708451e-05
elapsed=6.010329e+03 cycle=115300 time=9.782587e+00 dt=8.876857e-05
elapsed=6.020506e+03 cycle=115400 time=9.791528e+00 dt=9.081567e-05
elapsed=6.030699e+03 cycle=115500 time=9.800531e+00 dt=8.965041e-05
elapsed=6.040845e+03 cycle=115600 time=9.809477e+00 dt=8.941001e-05
elapsed=6.051016e+03 cycle=115700 time=9.818444e+00 dt=9.004995e-05
elapsed=6.061184e+03 cycle=115800 time=9.827457e+00 dt=8.978415e-05
elapsed=6.071358e+03 cycle=115900 time=9.836396e+00 dt=8.878510e-05
elapsed=6.081527e+03 cycle=116000 time=9.845222e+00 dt=8.783901e-05
elapsed=6.091685e+03 cycle=116100 time=9.853949e+00 dt=8.636777e-05
elapsed=6.101851e+03 cycle=116200 time=9.862513e+00 dt=8.537700e-05
elapsed=6.112015e+03 cycle=116300 time=9.871113e+00 dt=8.680586e-05
elapsed=6.122147e+03 cycle=116400 time=9.879806e+00 dt=8.670578e-05
elapsed=6.132305e+03 cycle=116500 time=9.888476e+00 dt=8.692662e-05
elapsed=6.142469e+03 cycle=116600 time=9.897249e+00 dt=8.852359e-05
elapsed=6.152624e+03 cycle=116700 time=9.906142e+00 dt=8.922156e-05
elapsed=6.162783e+03 cycle=116800 time=9.915065e+00 dt=8.896985e-05
elapsed=6.172948e+03 cycle=116900 time=9.923952e+00 dt=8.881886e-05
elapsed=6.183097e+03 cycle=117000 time=9.932839e+00 dt=8.885928e-05
elapsed=6.193255e+03 cycle=117100 time=9.941692e+00 dt=8.831944e-05
elapsed=6.203397e+03 cycle=117200 time=9.950517e+00 dt=8.810261e-05
elapsed=6.213502e+03 cycle=117300 time=9.959352e+00 dt=8.869626e-05
elapsed=6.223625e+03 cycle=117400 time=9.968260e+00 dt=8.958399e-05
elapsed=6.233764e+03 cycle=117500 time=9.977290e+00 dt=9.093836e-05
elapsed=6.243903e+03 cycle=117600 time=9.986451e+00 dt=9.303141e-05
elapsed=6.254041e+03 cycle=117700 time=9.995770e+00 dt=9.304495e-05

Terminating on time limit
time=1.000000e+01 cycle=117746
tlim=1.000000e+01 nlim=-1

MeshBlock-cycles = 470160
cpu time used  = 6.258639e+03
zone-cycles/cpu_second = 1.230795e+06
particle-updates/cpu_second = 0.000000e+00
